Constant function
  offset = [4](12,46,2,-9)
  
Evaluate: 
[4](12,46,2,-9)
Gradient: 
[4](0,0,0,0)
Jacobian: 
[4,4]((0,0,0,0),(0,0,0,0),(0,0,0,0),(0,0,0,0))
