null function (derivable function)
Derivable function
[1](0)
[1](0)
[1](0)
[1](0)
1
1
(1, 1)
(1, 1)
1
1
1
1
