#Check gradient at x = -10
# Good
#[1](-20)
#[1](-19.9999)
# Bad
#[1](-8)
#[1](-19.9999)
# Square
#[1](-0.839072)
#[1](-0.839099)
#[1](-0.544021)
#[1](-0.543979)
#Check gradient at x = -9
# Good
#[1](-18)
#[1](-17.9999)
# Bad
#[1](-3)
#[1](-17.9999)
# Square
#[1](-0.91113)
#[1](-0.91111)
#[1](0.412118)
#[1](0.412164)
#Check gradient at x = -8
# Good
#[1](-16)
#[1](-15.9999)
# Bad
#[1](2)
#[1](-15.9999)
# Square
#[1](-0.1455)
#[1](-0.145451)
#[1](0.989358)
#[1](0.989366)
#Check gradient at x = -7
# Good
#[1](-14)
#[1](-13.9999)
# Bad
#[1](7)
#[1](-13.9999)
# Square
#[1](0.753902)
#[1](0.753935)
#[1](0.656987)
#[1](0.656949)
#Check gradient at x = -6
# Good
#[1](-12)
#[1](-11.9999)
# Bad
#[1](12)
#[1](-11.9999)
# Square
#[1](0.96017)
#[1](0.960156)
#[1](-0.279415)
#[1](-0.279464)
#Check gradient at x = -5
# Good
#[1](-10)
#[1](-9.9999)
# Bad
#[1](17)
#[1](-9.9999)
# Square
#[1](0.283662)
#[1](0.283614)
#[1](-0.958924)
#[1](-0.958938)
#Check gradient at x = -4
# Good
#[1](-8)
#[1](-7.9999)
# Bad
#[1](22)
#[1](-7.9999)
# Square
#[1](-0.653644)
#[1](-0.653681)
#[1](-0.756802)
#[1](-0.75677)
#Check gradient at x = -3
# Good
#[1](-6)
#[1](-5.9999)
# Bad
#[1](27)
#[1](-5.9999)
# Square
#[1](-0.989992)
#[1](-0.989985)
#[1](0.14112)
#[1](0.14117)
#Check gradient at x = -2
# Good
#[1](-4)
#[1](-3.9999)
# Bad
#[1](32)
#[1](-3.9999)
# Square
#[1](-0.416147)
#[1](-0.416101)
#[1](0.909297)
#[1](0.909318)
#Check gradient at x = -1
# Good
#[1](-2)
#[1](-1.9999)
# Bad
#[1](37)
#[1](-1.9999)
# Square
#[1](0.540302)
#[1](0.540344)
#[1](0.841471)
#[1](0.841444)
#Check gradient at x = 0
# Good
#[1](0)
#[1](0.0001)
# Bad
#[1](42)
#[1](0.0001)
# Square
#[1](1)
#[1](1)
#[1](-0)
#[1](-5e-05)
#Check gradient at x = 1
# Good
#[1](2)
#[1](2.0001)
# Bad
#[1](47)
#[1](2.0001)
# Square
#[1](0.540302)
#[1](0.54026)
#[1](-0.841471)
#[1](-0.841498)
#Check gradient at x = 2
# Good
#[1](4)
#[1](4.0001)
# Bad
#[1](52)
#[1](4.0001)
# Square
#[1](-0.416147)
#[1](-0.416192)
#[1](-0.909297)
#[1](-0.909277)
#Check gradient at x = 3
# Good
#[1](6)
#[1](6.0001)
# Bad
#[1](57)
#[1](6.0001)
# Square
#[1](-0.989992)
#[1](-0.99)
#[1](-0.14112)
#[1](-0.141071)
#Check gradient at x = 4
# Good
#[1](8)
#[1](8.0001)
# Bad
#[1](62)
#[1](8.0001)
# Square
#[1](-0.653644)
#[1](-0.653606)
#[1](0.756802)
#[1](0.756835)
#Check gradient at x = 5
# Good
#[1](10)
#[1](10.0001)
# Bad
#[1](67)
#[1](10.0001)
# Square
#[1](0.283662)
#[1](0.28371)
#[1](0.958924)
#[1](0.95891)
#Check gradient at x = 6
# Good
#[1](12)
#[1](12.0001)
# Bad
#[1](72)
#[1](12.0001)
# Square
#[1](0.96017)
#[1](0.960184)
#[1](0.279415)
#[1](0.279367)
#Check gradient at x = 7
# Good
#[1](14)
#[1](14.0001)
# Bad
#[1](77)
#[1](14.0001)
# Square
#[1](0.753902)
#[1](0.753869)
#[1](-0.656987)
#[1](-0.657024)
#Check gradient at x = 8
# Good
#[1](16)
#[1](16.0001)
# Bad
#[1](82)
#[1](16.0001)
# Square
#[1](-0.1455)
#[1](-0.14555)
#[1](-0.989358)
#[1](-0.989351)
#Check gradient at x = 9
# Good
#[1](18)
#[1](18.0001)
# Bad
#[1](87)
#[1](18.0001)
# Square
#[1](-0.91113)
#[1](-0.911151)
#[1](-0.412118)
#[1](-0.412073)
# Times at x = [2](-10,-10)
#[2](-10,-10)
#[2](-10,-10)
# Times at x = [2](-9,-10)
#[2](-10,-9)
#[2](-10,-9)
# Times at x = [2](-8,-10)
#[2](-10,-8)
#[2](-10,-8)
# Times at x = [2](-7,-10)
#[2](-10,-7)
#[2](-10,-7)
# Times at x = [2](-6,-10)
#[2](-10,-6)
#[2](-10,-6)
# Times at x = [2](-5,-10)
#[2](-10,-5)
#[2](-10,-5)
# Times at x = [2](-4,-10)
#[2](-10,-4)
#[2](-10,-4)
# Times at x = [2](-3,-10)
#[2](-10,-3)
#[2](-10,-3)
# Times at x = [2](-2,-10)
#[2](-10,-2)
#[2](-10,-2)
# Times at x = [2](-1,-10)
#[2](-10,-1)
#[2](-10,-1)
# Times at x = [2](0,-10)
#[2](-10,0)
#[2](-10,0)
# Times at x = [2](1,-10)
#[2](-10,1)
#[2](-10,1)
# Times at x = [2](2,-10)
#[2](-10,2)
#[2](-10,2)
# Times at x = [2](3,-10)
#[2](-10,3)
#[2](-10,3)
# Times at x = [2](4,-10)
#[2](-10,4)
#[2](-10,4)
# Times at x = [2](5,-10)
#[2](-10,5)
#[2](-10,5)
# Times at x = [2](6,-10)
#[2](-10,6)
#[2](-10,6)
# Times at x = [2](7,-10)
#[2](-10,7)
#[2](-10,7)
# Times at x = [2](8,-10)
#[2](-10,8)
#[2](-10,8)
# Times at x = [2](9,-10)
#[2](-10,9)
#[2](-10,9)
# Times at x = [2](-10,-9)
#[2](-9,-10)
#[2](-9,-10)
# Times at x = [2](-9,-9)
#[2](-9,-9)
#[2](-9,-9)
# Times at x = [2](-8,-9)
#[2](-9,-8)
#[2](-9,-8)
# Times at x = [2](-7,-9)
#[2](-9,-7)
#[2](-9,-7)
# Times at x = [2](-6,-9)
#[2](-9,-6)
#[2](-9,-6)
# Times at x = [2](-5,-9)
#[2](-9,-5)
#[2](-9,-5)
# Times at x = [2](-4,-9)
#[2](-9,-4)
#[2](-9,-4)
# Times at x = [2](-3,-9)
#[2](-9,-3)
#[2](-9,-3)
# Times at x = [2](-2,-9)
#[2](-9,-2)
#[2](-9,-2)
# Times at x = [2](-1,-9)
#[2](-9,-1)
#[2](-9,-1)
# Times at x = [2](0,-9)
#[2](-9,0)
#[2](-9,0)
# Times at x = [2](1,-9)
#[2](-9,1)
#[2](-9,1)
# Times at x = [2](2,-9)
#[2](-9,2)
#[2](-9,2)
# Times at x = [2](3,-9)
#[2](-9,3)
#[2](-9,3)
# Times at x = [2](4,-9)
#[2](-9,4)
#[2](-9,4)
# Times at x = [2](5,-9)
#[2](-9,5)
#[2](-9,5)
# Times at x = [2](6,-9)
#[2](-9,6)
#[2](-9,6)
# Times at x = [2](7,-9)
#[2](-9,7)
#[2](-9,7)
# Times at x = [2](8,-9)
#[2](-9,8)
#[2](-9,8)
# Times at x = [2](9,-9)
#[2](-9,9)
#[2](-9,9)
# Times at x = [2](-10,-8)
#[2](-8,-10)
#[2](-8,-10)
# Times at x = [2](-9,-8)
#[2](-8,-9)
#[2](-8,-9)
# Times at x = [2](-8,-8)
#[2](-8,-8)
#[2](-8,-8)
# Times at x = [2](-7,-8)
#[2](-8,-7)
#[2](-8,-7)
# Times at x = [2](-6,-8)
#[2](-8,-6)
#[2](-8,-6)
# Times at x = [2](-5,-8)
#[2](-8,-5)
#[2](-8,-5)
# Times at x = [2](-4,-8)
#[2](-8,-4)
#[2](-8,-4)
# Times at x = [2](-3,-8)
#[2](-8,-3)
#[2](-8,-3)
# Times at x = [2](-2,-8)
#[2](-8,-2)
#[2](-8,-2)
# Times at x = [2](-1,-8)
#[2](-8,-1)
#[2](-8,-1)
# Times at x = [2](0,-8)
#[2](-8,0)
#[2](-8,0)
# Times at x = [2](1,-8)
#[2](-8,1)
#[2](-8,1)
# Times at x = [2](2,-8)
#[2](-8,2)
#[2](-8,2)
# Times at x = [2](3,-8)
#[2](-8,3)
#[2](-8,3)
# Times at x = [2](4,-8)
#[2](-8,4)
#[2](-8,4)
# Times at x = [2](5,-8)
#[2](-8,5)
#[2](-8,5)
# Times at x = [2](6,-8)
#[2](-8,6)
#[2](-8,6)
# Times at x = [2](7,-8)
#[2](-8,7)
#[2](-8,7)
# Times at x = [2](8,-8)
#[2](-8,8)
#[2](-8,8)
# Times at x = [2](9,-8)
#[2](-8,9)
#[2](-8,9)
# Times at x = [2](-10,-7)
#[2](-7,-10)
#[2](-7,-10)
# Times at x = [2](-9,-7)
#[2](-7,-9)
#[2](-7,-9)
# Times at x = [2](-8,-7)
#[2](-7,-8)
#[2](-7,-8)
# Times at x = [2](-7,-7)
#[2](-7,-7)
#[2](-7,-7)
# Times at x = [2](-6,-7)
#[2](-7,-6)
#[2](-7,-6)
# Times at x = [2](-5,-7)
#[2](-7,-5)
#[2](-7,-5)
# Times at x = [2](-4,-7)
#[2](-7,-4)
#[2](-7,-4)
# Times at x = [2](-3,-7)
#[2](-7,-3)
#[2](-7,-3)
# Times at x = [2](-2,-7)
#[2](-7,-2)
#[2](-7,-2)
# Times at x = [2](-1,-7)
#[2](-7,-1)
#[2](-7,-1)
# Times at x = [2](0,-7)
#[2](-7,0)
#[2](-7,0)
# Times at x = [2](1,-7)
#[2](-7,1)
#[2](-7,1)
# Times at x = [2](2,-7)
#[2](-7,2)
#[2](-7,2)
# Times at x = [2](3,-7)
#[2](-7,3)
#[2](-7,3)
# Times at x = [2](4,-7)
#[2](-7,4)
#[2](-7,4)
# Times at x = [2](5,-7)
#[2](-7,5)
#[2](-7,5)
# Times at x = [2](6,-7)
#[2](-7,6)
#[2](-7,6)
# Times at x = [2](7,-7)
#[2](-7,7)
#[2](-7,7)
# Times at x = [2](8,-7)
#[2](-7,8)
#[2](-7,8)
# Times at x = [2](9,-7)
#[2](-7,9)
#[2](-7,9)
# Times at x = [2](-10,-6)
#[2](-6,-10)
#[2](-6,-10)
# Times at x = [2](-9,-6)
#[2](-6,-9)
#[2](-6,-9)
# Times at x = [2](-8,-6)
#[2](-6,-8)
#[2](-6,-8)
# Times at x = [2](-7,-6)
#[2](-6,-7)
#[2](-6,-7)
# Times at x = [2](-6,-6)
#[2](-6,-6)
#[2](-6,-6)
# Times at x = [2](-5,-6)
#[2](-6,-5)
#[2](-6,-5)
# Times at x = [2](-4,-6)
#[2](-6,-4)
#[2](-6,-4)
# Times at x = [2](-3,-6)
#[2](-6,-3)
#[2](-6,-3)
# Times at x = [2](-2,-6)
#[2](-6,-2)
#[2](-6,-2)
# Times at x = [2](-1,-6)
#[2](-6,-1)
#[2](-6,-1)
# Times at x = [2](0,-6)
#[2](-6,0)
#[2](-6,0)
# Times at x = [2](1,-6)
#[2](-6,1)
#[2](-6,1)
# Times at x = [2](2,-6)
#[2](-6,2)
#[2](-6,2)
# Times at x = [2](3,-6)
#[2](-6,3)
#[2](-6,3)
# Times at x = [2](4,-6)
#[2](-6,4)
#[2](-6,4)
# Times at x = [2](5,-6)
#[2](-6,5)
#[2](-6,5)
# Times at x = [2](6,-6)
#[2](-6,6)
#[2](-6,6)
# Times at x = [2](7,-6)
#[2](-6,7)
#[2](-6,7)
# Times at x = [2](8,-6)
#[2](-6,8)
#[2](-6,8)
# Times at x = [2](9,-6)
#[2](-6,9)
#[2](-6,9)
# Times at x = [2](-10,-5)
#[2](-5,-10)
#[2](-5,-10)
# Times at x = [2](-9,-5)
#[2](-5,-9)
#[2](-5,-9)
# Times at x = [2](-8,-5)
#[2](-5,-8)
#[2](-5,-8)
# Times at x = [2](-7,-5)
#[2](-5,-7)
#[2](-5,-7)
# Times at x = [2](-6,-5)
#[2](-5,-6)
#[2](-5,-6)
# Times at x = [2](-5,-5)
#[2](-5,-5)
#[2](-5,-5)
# Times at x = [2](-4,-5)
#[2](-5,-4)
#[2](-5,-4)
# Times at x = [2](-3,-5)
#[2](-5,-3)
#[2](-5,-3)
# Times at x = [2](-2,-5)
#[2](-5,-2)
#[2](-5,-2)
# Times at x = [2](-1,-5)
#[2](-5,-1)
#[2](-5,-1)
# Times at x = [2](0,-5)
#[2](-5,0)
#[2](-5,0)
# Times at x = [2](1,-5)
#[2](-5,1)
#[2](-5,1)
# Times at x = [2](2,-5)
#[2](-5,2)
#[2](-5,2)
# Times at x = [2](3,-5)
#[2](-5,3)
#[2](-5,3)
# Times at x = [2](4,-5)
#[2](-5,4)
#[2](-5,4)
# Times at x = [2](5,-5)
#[2](-5,5)
#[2](-5,5)
# Times at x = [2](6,-5)
#[2](-5,6)
#[2](-5,6)
# Times at x = [2](7,-5)
#[2](-5,7)
#[2](-5,7)
# Times at x = [2](8,-5)
#[2](-5,8)
#[2](-5,8)
# Times at x = [2](9,-5)
#[2](-5,9)
#[2](-5,9)
# Times at x = [2](-10,-4)
#[2](-4,-10)
#[2](-4,-10)
# Times at x = [2](-9,-4)
#[2](-4,-9)
#[2](-4,-9)
# Times at x = [2](-8,-4)
#[2](-4,-8)
#[2](-4,-8)
# Times at x = [2](-7,-4)
#[2](-4,-7)
#[2](-4,-7)
# Times at x = [2](-6,-4)
#[2](-4,-6)
#[2](-4,-6)
# Times at x = [2](-5,-4)
#[2](-4,-5)
#[2](-4,-5)
# Times at x = [2](-4,-4)
#[2](-4,-4)
#[2](-4,-4)
# Times at x = [2](-3,-4)
#[2](-4,-3)
#[2](-4,-3)
# Times at x = [2](-2,-4)
#[2](-4,-2)
#[2](-4,-2)
# Times at x = [2](-1,-4)
#[2](-4,-1)
#[2](-4,-1)
# Times at x = [2](0,-4)
#[2](-4,0)
#[2](-4,0)
# Times at x = [2](1,-4)
#[2](-4,1)
#[2](-4,1)
# Times at x = [2](2,-4)
#[2](-4,2)
#[2](-4,2)
# Times at x = [2](3,-4)
#[2](-4,3)
#[2](-4,3)
# Times at x = [2](4,-4)
#[2](-4,4)
#[2](-4,4)
# Times at x = [2](5,-4)
#[2](-4,5)
#[2](-4,5)
# Times at x = [2](6,-4)
#[2](-4,6)
#[2](-4,6)
# Times at x = [2](7,-4)
#[2](-4,7)
#[2](-4,7)
# Times at x = [2](8,-4)
#[2](-4,8)
#[2](-4,8)
# Times at x = [2](9,-4)
#[2](-4,9)
#[2](-4,9)
# Times at x = [2](-10,-3)
#[2](-3,-10)
#[2](-3,-10)
# Times at x = [2](-9,-3)
#[2](-3,-9)
#[2](-3,-9)
# Times at x = [2](-8,-3)
#[2](-3,-8)
#[2](-3,-8)
# Times at x = [2](-7,-3)
#[2](-3,-7)
#[2](-3,-7)
# Times at x = [2](-6,-3)
#[2](-3,-6)
#[2](-3,-6)
# Times at x = [2](-5,-3)
#[2](-3,-5)
#[2](-3,-5)
# Times at x = [2](-4,-3)
#[2](-3,-4)
#[2](-3,-4)
# Times at x = [2](-3,-3)
#[2](-3,-3)
#[2](-3,-3)
# Times at x = [2](-2,-3)
#[2](-3,-2)
#[2](-3,-2)
# Times at x = [2](-1,-3)
#[2](-3,-1)
#[2](-3,-1)
# Times at x = [2](0,-3)
#[2](-3,0)
#[2](-3,0)
# Times at x = [2](1,-3)
#[2](-3,1)
#[2](-3,1)
# Times at x = [2](2,-3)
#[2](-3,2)
#[2](-3,2)
# Times at x = [2](3,-3)
#[2](-3,3)
#[2](-3,3)
# Times at x = [2](4,-3)
#[2](-3,4)
#[2](-3,4)
# Times at x = [2](5,-3)
#[2](-3,5)
#[2](-3,5)
# Times at x = [2](6,-3)
#[2](-3,6)
#[2](-3,6)
# Times at x = [2](7,-3)
#[2](-3,7)
#[2](-3,7)
# Times at x = [2](8,-3)
#[2](-3,8)
#[2](-3,8)
# Times at x = [2](9,-3)
#[2](-3,9)
#[2](-3,9)
# Times at x = [2](-10,-2)
#[2](-2,-10)
#[2](-2,-10)
# Times at x = [2](-9,-2)
#[2](-2,-9)
#[2](-2,-9)
# Times at x = [2](-8,-2)
#[2](-2,-8)
#[2](-2,-8)
# Times at x = [2](-7,-2)
#[2](-2,-7)
#[2](-2,-7)
# Times at x = [2](-6,-2)
#[2](-2,-6)
#[2](-2,-6)
# Times at x = [2](-5,-2)
#[2](-2,-5)
#[2](-2,-5)
# Times at x = [2](-4,-2)
#[2](-2,-4)
#[2](-2,-4)
# Times at x = [2](-3,-2)
#[2](-2,-3)
#[2](-2,-3)
# Times at x = [2](-2,-2)
#[2](-2,-2)
#[2](-2,-2)
# Times at x = [2](-1,-2)
#[2](-2,-1)
#[2](-2,-1)
# Times at x = [2](0,-2)
#[2](-2,0)
#[2](-2,0)
# Times at x = [2](1,-2)
#[2](-2,1)
#[2](-2,1)
# Times at x = [2](2,-2)
#[2](-2,2)
#[2](-2,2)
# Times at x = [2](3,-2)
#[2](-2,3)
#[2](-2,3)
# Times at x = [2](4,-2)
#[2](-2,4)
#[2](-2,4)
# Times at x = [2](5,-2)
#[2](-2,5)
#[2](-2,5)
# Times at x = [2](6,-2)
#[2](-2,6)
#[2](-2,6)
# Times at x = [2](7,-2)
#[2](-2,7)
#[2](-2,7)
# Times at x = [2](8,-2)
#[2](-2,8)
#[2](-2,8)
# Times at x = [2](9,-2)
#[2](-2,9)
#[2](-2,9)
# Times at x = [2](-10,-1)
#[2](-1,-10)
#[2](-1,-10)
# Times at x = [2](-9,-1)
#[2](-1,-9)
#[2](-1,-9)
# Times at x = [2](-8,-1)
#[2](-1,-8)
#[2](-1,-8)
# Times at x = [2](-7,-1)
#[2](-1,-7)
#[2](-1,-7)
# Times at x = [2](-6,-1)
#[2](-1,-6)
#[2](-1,-6)
# Times at x = [2](-5,-1)
#[2](-1,-5)
#[2](-1,-5)
# Times at x = [2](-4,-1)
#[2](-1,-4)
#[2](-1,-4)
# Times at x = [2](-3,-1)
#[2](-1,-3)
#[2](-1,-3)
# Times at x = [2](-2,-1)
#[2](-1,-2)
#[2](-1,-2)
# Times at x = [2](-1,-1)
#[2](-1,-1)
#[2](-1,-1)
# Times at x = [2](0,-1)
#[2](-1,0)
#[2](-1,0)
# Times at x = [2](1,-1)
#[2](-1,1)
#[2](-1,1)
# Times at x = [2](2,-1)
#[2](-1,2)
#[2](-1,2)
# Times at x = [2](3,-1)
#[2](-1,3)
#[2](-1,3)
# Times at x = [2](4,-1)
#[2](-1,4)
#[2](-1,4)
# Times at x = [2](5,-1)
#[2](-1,5)
#[2](-1,5)
# Times at x = [2](6,-1)
#[2](-1,6)
#[2](-1,6)
# Times at x = [2](7,-1)
#[2](-1,7)
#[2](-1,7)
# Times at x = [2](8,-1)
#[2](-1,8)
#[2](-1,8)
# Times at x = [2](9,-1)
#[2](-1,9)
#[2](-1,9)
# Times at x = [2](-10,0)
#[2](0,-10)
#[2](0,-10)
# Times at x = [2](-9,0)
#[2](0,-9)
#[2](0,-9)
# Times at x = [2](-8,0)
#[2](0,-8)
#[2](0,-8)
# Times at x = [2](-7,0)
#[2](0,-7)
#[2](0,-7)
# Times at x = [2](-6,0)
#[2](0,-6)
#[2](0,-6)
# Times at x = [2](-5,0)
#[2](0,-5)
#[2](0,-5)
# Times at x = [2](-4,0)
#[2](0,-4)
#[2](0,-4)
# Times at x = [2](-3,0)
#[2](0,-3)
#[2](0,-3)
# Times at x = [2](-2,0)
#[2](0,-2)
#[2](0,-2)
# Times at x = [2](-1,0)
#[2](0,-1)
#[2](0,-1)
# Times at x = [2](0,0)
#[2](0,0)
#[2](0,0)
# Times at x = [2](1,0)
#[2](0,1)
#[2](0,1)
# Times at x = [2](2,0)
#[2](0,2)
#[2](0,2)
# Times at x = [2](3,0)
#[2](0,3)
#[2](0,3)
# Times at x = [2](4,0)
#[2](0,4)
#[2](0,4)
# Times at x = [2](5,0)
#[2](0,5)
#[2](0,5)
# Times at x = [2](6,0)
#[2](0,6)
#[2](0,6)
# Times at x = [2](7,0)
#[2](0,7)
#[2](0,7)
# Times at x = [2](8,0)
#[2](0,8)
#[2](0,8)
# Times at x = [2](9,0)
#[2](0,9)
#[2](0,9)
# Times at x = [2](-10,1)
#[2](1,-10)
#[2](1,-10)
# Times at x = [2](-9,1)
#[2](1,-9)
#[2](1,-9)
# Times at x = [2](-8,1)
#[2](1,-8)
#[2](1,-8)
# Times at x = [2](-7,1)
#[2](1,-7)
#[2](1,-7)
# Times at x = [2](-6,1)
#[2](1,-6)
#[2](1,-6)
# Times at x = [2](-5,1)
#[2](1,-5)
#[2](1,-5)
# Times at x = [2](-4,1)
#[2](1,-4)
#[2](1,-4)
# Times at x = [2](-3,1)
#[2](1,-3)
#[2](1,-3)
# Times at x = [2](-2,1)
#[2](1,-2)
#[2](1,-2)
# Times at x = [2](-1,1)
#[2](1,-1)
#[2](1,-1)
# Times at x = [2](0,1)
#[2](1,0)
#[2](1,0)
# Times at x = [2](1,1)
#[2](1,1)
#[2](1,1)
# Times at x = [2](2,1)
#[2](1,2)
#[2](1,2)
# Times at x = [2](3,1)
#[2](1,3)
#[2](1,3)
# Times at x = [2](4,1)
#[2](1,4)
#[2](1,4)
# Times at x = [2](5,1)
#[2](1,5)
#[2](1,5)
# Times at x = [2](6,1)
#[2](1,6)
#[2](1,6)
# Times at x = [2](7,1)
#[2](1,7)
#[2](1,7)
# Times at x = [2](8,1)
#[2](1,8)
#[2](1,8)
# Times at x = [2](9,1)
#[2](1,9)
#[2](1,9)
# Times at x = [2](-10,2)
#[2](2,-10)
#[2](2,-10)
# Times at x = [2](-9,2)
#[2](2,-9)
#[2](2,-9)
# Times at x = [2](-8,2)
#[2](2,-8)
#[2](2,-8)
# Times at x = [2](-7,2)
#[2](2,-7)
#[2](2,-7)
# Times at x = [2](-6,2)
#[2](2,-6)
#[2](2,-6)
# Times at x = [2](-5,2)
#[2](2,-5)
#[2](2,-5)
# Times at x = [2](-4,2)
#[2](2,-4)
#[2](2,-4)
# Times at x = [2](-3,2)
#[2](2,-3)
#[2](2,-3)
# Times at x = [2](-2,2)
#[2](2,-2)
#[2](2,-2)
# Times at x = [2](-1,2)
#[2](2,-1)
#[2](2,-1)
# Times at x = [2](0,2)
#[2](2,0)
#[2](2,0)
# Times at x = [2](1,2)
#[2](2,1)
#[2](2,1)
# Times at x = [2](2,2)
#[2](2,2)
#[2](2,2)
# Times at x = [2](3,2)
#[2](2,3)
#[2](2,3)
# Times at x = [2](4,2)
#[2](2,4)
#[2](2,4)
# Times at x = [2](5,2)
#[2](2,5)
#[2](2,5)
# Times at x = [2](6,2)
#[2](2,6)
#[2](2,6)
# Times at x = [2](7,2)
#[2](2,7)
#[2](2,7)
# Times at x = [2](8,2)
#[2](2,8)
#[2](2,8)
# Times at x = [2](9,2)
#[2](2,9)
#[2](2,9)
# Times at x = [2](-10,3)
#[2](3,-10)
#[2](3,-10)
# Times at x = [2](-9,3)
#[2](3,-9)
#[2](3,-9)
# Times at x = [2](-8,3)
#[2](3,-8)
#[2](3,-8)
# Times at x = [2](-7,3)
#[2](3,-7)
#[2](3,-7)
# Times at x = [2](-6,3)
#[2](3,-6)
#[2](3,-6)
# Times at x = [2](-5,3)
#[2](3,-5)
#[2](3,-5)
# Times at x = [2](-4,3)
#[2](3,-4)
#[2](3,-4)
# Times at x = [2](-3,3)
#[2](3,-3)
#[2](3,-3)
# Times at x = [2](-2,3)
#[2](3,-2)
#[2](3,-2)
# Times at x = [2](-1,3)
#[2](3,-1)
#[2](3,-1)
# Times at x = [2](0,3)
#[2](3,0)
#[2](3,0)
# Times at x = [2](1,3)
#[2](3,1)
#[2](3,1)
# Times at x = [2](2,3)
#[2](3,2)
#[2](3,2)
# Times at x = [2](3,3)
#[2](3,3)
#[2](3,3)
# Times at x = [2](4,3)
#[2](3,4)
#[2](3,4)
# Times at x = [2](5,3)
#[2](3,5)
#[2](3,5)
# Times at x = [2](6,3)
#[2](3,6)
#[2](3,6)
# Times at x = [2](7,3)
#[2](3,7)
#[2](3,7)
# Times at x = [2](8,3)
#[2](3,8)
#[2](3,8)
# Times at x = [2](9,3)
#[2](3,9)
#[2](3,9)
# Times at x = [2](-10,4)
#[2](4,-10)
#[2](4,-10)
# Times at x = [2](-9,4)
#[2](4,-9)
#[2](4,-9)
# Times at x = [2](-8,4)
#[2](4,-8)
#[2](4,-8)
# Times at x = [2](-7,4)
#[2](4,-7)
#[2](4,-7)
# Times at x = [2](-6,4)
#[2](4,-6)
#[2](4,-6)
# Times at x = [2](-5,4)
#[2](4,-5)
#[2](4,-5)
# Times at x = [2](-4,4)
#[2](4,-4)
#[2](4,-4)
# Times at x = [2](-3,4)
#[2](4,-3)
#[2](4,-3)
# Times at x = [2](-2,4)
#[2](4,-2)
#[2](4,-2)
# Times at x = [2](-1,4)
#[2](4,-1)
#[2](4,-1)
# Times at x = [2](0,4)
#[2](4,0)
#[2](4,0)
# Times at x = [2](1,4)
#[2](4,1)
#[2](4,1)
# Times at x = [2](2,4)
#[2](4,2)
#[2](4,2)
# Times at x = [2](3,4)
#[2](4,3)
#[2](4,3)
# Times at x = [2](4,4)
#[2](4,4)
#[2](4,4)
# Times at x = [2](5,4)
#[2](4,5)
#[2](4,5)
# Times at x = [2](6,4)
#[2](4,6)
#[2](4,6)
# Times at x = [2](7,4)
#[2](4,7)
#[2](4,7)
# Times at x = [2](8,4)
#[2](4,8)
#[2](4,8)
# Times at x = [2](9,4)
#[2](4,9)
#[2](4,9)
# Times at x = [2](-10,5)
#[2](5,-10)
#[2](5,-10)
# Times at x = [2](-9,5)
#[2](5,-9)
#[2](5,-9)
# Times at x = [2](-8,5)
#[2](5,-8)
#[2](5,-8)
# Times at x = [2](-7,5)
#[2](5,-7)
#[2](5,-7)
# Times at x = [2](-6,5)
#[2](5,-6)
#[2](5,-6)
# Times at x = [2](-5,5)
#[2](5,-5)
#[2](5,-5)
# Times at x = [2](-4,5)
#[2](5,-4)
#[2](5,-4)
# Times at x = [2](-3,5)
#[2](5,-3)
#[2](5,-3)
# Times at x = [2](-2,5)
#[2](5,-2)
#[2](5,-2)
# Times at x = [2](-1,5)
#[2](5,-1)
#[2](5,-1)
# Times at x = [2](0,5)
#[2](5,0)
#[2](5,0)
# Times at x = [2](1,5)
#[2](5,1)
#[2](5,1)
# Times at x = [2](2,5)
#[2](5,2)
#[2](5,2)
# Times at x = [2](3,5)
#[2](5,3)
#[2](5,3)
# Times at x = [2](4,5)
#[2](5,4)
#[2](5,4)
# Times at x = [2](5,5)
#[2](5,5)
#[2](5,5)
# Times at x = [2](6,5)
#[2](5,6)
#[2](5,6)
# Times at x = [2](7,5)
#[2](5,7)
#[2](5,7)
# Times at x = [2](8,5)
#[2](5,8)
#[2](5,8)
# Times at x = [2](9,5)
#[2](5,9)
#[2](5,9)
# Times at x = [2](-10,6)
#[2](6,-10)
#[2](6,-10)
# Times at x = [2](-9,6)
#[2](6,-9)
#[2](6,-9)
# Times at x = [2](-8,6)
#[2](6,-8)
#[2](6,-8)
# Times at x = [2](-7,6)
#[2](6,-7)
#[2](6,-7)
# Times at x = [2](-6,6)
#[2](6,-6)
#[2](6,-6)
# Times at x = [2](-5,6)
#[2](6,-5)
#[2](6,-5)
# Times at x = [2](-4,6)
#[2](6,-4)
#[2](6,-4)
# Times at x = [2](-3,6)
#[2](6,-3)
#[2](6,-3)
# Times at x = [2](-2,6)
#[2](6,-2)
#[2](6,-2)
# Times at x = [2](-1,6)
#[2](6,-1)
#[2](6,-1)
# Times at x = [2](0,6)
#[2](6,0)
#[2](6,0)
# Times at x = [2](1,6)
#[2](6,1)
#[2](6,1)
# Times at x = [2](2,6)
#[2](6,2)
#[2](6,2)
# Times at x = [2](3,6)
#[2](6,3)
#[2](6,3)
# Times at x = [2](4,6)
#[2](6,4)
#[2](6,4)
# Times at x = [2](5,6)
#[2](6,5)
#[2](6,5)
# Times at x = [2](6,6)
#[2](6,6)
#[2](6,6)
# Times at x = [2](7,6)
#[2](6,7)
#[2](6,7)
# Times at x = [2](8,6)
#[2](6,8)
#[2](6,8)
# Times at x = [2](9,6)
#[2](6,9)
#[2](6,9)
# Times at x = [2](-10,7)
#[2](7,-10)
#[2](7,-10)
# Times at x = [2](-9,7)
#[2](7,-9)
#[2](7,-9)
# Times at x = [2](-8,7)
#[2](7,-8)
#[2](7,-8)
# Times at x = [2](-7,7)
#[2](7,-7)
#[2](7,-7)
# Times at x = [2](-6,7)
#[2](7,-6)
#[2](7,-6)
# Times at x = [2](-5,7)
#[2](7,-5)
#[2](7,-5)
# Times at x = [2](-4,7)
#[2](7,-4)
#[2](7,-4)
# Times at x = [2](-3,7)
#[2](7,-3)
#[2](7,-3)
# Times at x = [2](-2,7)
#[2](7,-2)
#[2](7,-2)
# Times at x = [2](-1,7)
#[2](7,-1)
#[2](7,-1)
# Times at x = [2](0,7)
#[2](7,0)
#[2](7,0)
# Times at x = [2](1,7)
#[2](7,1)
#[2](7,1)
# Times at x = [2](2,7)
#[2](7,2)
#[2](7,2)
# Times at x = [2](3,7)
#[2](7,3)
#[2](7,3)
# Times at x = [2](4,7)
#[2](7,4)
#[2](7,4)
# Times at x = [2](5,7)
#[2](7,5)
#[2](7,5)
# Times at x = [2](6,7)
#[2](7,6)
#[2](7,6)
# Times at x = [2](7,7)
#[2](7,7)
#[2](7,7)
# Times at x = [2](8,7)
#[2](7,8)
#[2](7,8)
# Times at x = [2](9,7)
#[2](7,9)
#[2](7,9)
# Times at x = [2](-10,8)
#[2](8,-10)
#[2](8,-10)
# Times at x = [2](-9,8)
#[2](8,-9)
#[2](8,-9)
# Times at x = [2](-8,8)
#[2](8,-8)
#[2](8,-8)
# Times at x = [2](-7,8)
#[2](8,-7)
#[2](8,-7)
# Times at x = [2](-6,8)
#[2](8,-6)
#[2](8,-6)
# Times at x = [2](-5,8)
#[2](8,-5)
#[2](8,-5)
# Times at x = [2](-4,8)
#[2](8,-4)
#[2](8,-4)
# Times at x = [2](-3,8)
#[2](8,-3)
#[2](8,-3)
# Times at x = [2](-2,8)
#[2](8,-2)
#[2](8,-2)
# Times at x = [2](-1,8)
#[2](8,-1)
#[2](8,-1)
# Times at x = [2](0,8)
#[2](8,0)
#[2](8,0)
# Times at x = [2](1,8)
#[2](8,1)
#[2](8,1)
# Times at x = [2](2,8)
#[2](8,2)
#[2](8,2)
# Times at x = [2](3,8)
#[2](8,3)
#[2](8,3)
# Times at x = [2](4,8)
#[2](8,4)
#[2](8,4)
# Times at x = [2](5,8)
#[2](8,5)
#[2](8,5)
# Times at x = [2](6,8)
#[2](8,6)
#[2](8,6)
# Times at x = [2](7,8)
#[2](8,7)
#[2](8,7)
# Times at x = [2](8,8)
#[2](8,8)
#[2](8,8)
# Times at x = [2](9,8)
#[2](8,9)
#[2](8,9)
# Times at x = [2](-10,9)
#[2](9,-10)
#[2](9,-10)
# Times at x = [2](-9,9)
#[2](9,-9)
#[2](9,-9)
# Times at x = [2](-8,9)
#[2](9,-8)
#[2](9,-8)
# Times at x = [2](-7,9)
#[2](9,-7)
#[2](9,-7)
# Times at x = [2](-6,9)
#[2](9,-6)
#[2](9,-6)
# Times at x = [2](-5,9)
#[2](9,-5)
#[2](9,-5)
# Times at x = [2](-4,9)
#[2](9,-4)
#[2](9,-4)
# Times at x = [2](-3,9)
#[2](9,-3)
#[2](9,-3)
# Times at x = [2](-2,9)
#[2](9,-2)
#[2](9,-2)
# Times at x = [2](-1,9)
#[2](9,-1)
#[2](9,-1)
# Times at x = [2](0,9)
#[2](9,0)
#[2](9,0)
# Times at x = [2](1,9)
#[2](9,1)
#[2](9,1)
# Times at x = [2](2,9)
#[2](9,2)
#[2](9,2)
# Times at x = [2](3,9)
#[2](9,3)
#[2](9,3)
# Times at x = [2](4,9)
#[2](9,4)
#[2](9,4)
# Times at x = [2](5,9)
#[2](9,5)
#[2](9,5)
# Times at x = [2](6,9)
#[2](9,6)
#[2](9,6)
# Times at x = [2](7,9)
#[2](9,7)
#[2](9,7)
# Times at x = [2](8,9)
#[2](9,8)
#[2](9,8)
# Times at x = [2](9,9)
#[2](9,9)
#[2](9,9)
#!/usr/bin/gnuplot
# Generated by RobOptim core library 0.2
set terminal wxt persist
set multiplot layout 2,2
plot '-' with line
-100 10000
-99 9801
-98 9604
-97 9409
-96 9216
-95 9025
-94 8836
-93 8649
-92 8464
-91 8281
-90 8100
-89 7921
-88 7744
-87 7569
-86 7396
-85 7225
-84 7056
-83 6889
-82 6724
-81 6561
-80 6400
-79 6241
-78 6084
-77 5929
-76 5776
-75 5625
-74 5476
-73 5329
-72 5184
-71 5041
-70 4900
-69 4761
-68 4624
-67 4489
-66 4356
-65 4225
-64 4096
-63 3969
-62 3844
-61 3721
-60 3600
-59 3481
-58 3364
-57 3249
-56 3136
-55 3025
-54 2916
-53 2809
-52 2704
-51 2601
-50 2500
-49 2401
-48 2304
-47 2209
-46 2116
-45 2025
-44 1936
-43 1849
-42 1764
-41 1681
-40 1600
-39 1521
-38 1444
-37 1369
-36 1296
-35 1225
-34 1156
-33 1089
-32 1024
-31 961
-30 900
-29 841
-28 784
-27 729
-26 676
-25 625
-24 576
-23 529
-22 484
-21 441
-20 400
-19 361
-18 324
-17 289
-16 256
-15 225
-14 196
-13 169
-12 144
-11 121
-10 100
-9 81
-8 64
-7 49
-6 36
-5 25
-4 16
-3 9
-2 4
-1 1
0 0
1 1
2 4
3 9
4 16
5 25
6 36
7 49
8 64
9 81
10 100
11 121
12 144
13 169
14 196
15 225
16 256
17 289
18 324
19 361
20 400
21 441
22 484
23 529
24 576
25 625
26 676
27 729
28 784
29 841
30 900
31 961
32 1024
33 1089
34 1156
35 1225
36 1296
37 1369
38 1444
39 1521
40 1600
41 1681
42 1764
43 1849
44 1936
45 2025
46 2116
47 2209
48 2304
49 2401
50 2500
51 2601
52 2704
53 2809
54 2916
55 3025
56 3136
57 3249
58 3364
59 3481
60 3600
61 3721
62 3844
63 3969
64 4096
65 4225
66 4356
67 4489
68 4624
69 4761
70 4900
71 5041
72 5184
73 5329
74 5476
75 5625
76 5776
77 5929
78 6084
79 6241
80 6400
81 6561
82 6724
83 6889
84 7056
85 7225
86 7396
87 7569
88 7744
89 7921
90 8100
91 8281
92 8464
93 8649
94 8836
95 9025
96 9216
97 9409
98 9604
99 9801
e

plot '-' with line
-100 10000
-99 9801
-98 9604
-97 9409
-96 9216
-95 9025
-94 8836
-93 8649
-92 8464
-91 8281
-90 8100
-89 7921
-88 7744
-87 7569
-86 7396
-85 7225
-84 7056
-83 6889
-82 6724
-81 6561
-80 6400
-79 6241
-78 6084
-77 5929
-76 5776
-75 5625
-74 5476
-73 5329
-72 5184
-71 5041
-70 4900
-69 4761
-68 4624
-67 4489
-66 4356
-65 4225
-64 4096
-63 3969
-62 3844
-61 3721
-60 3600
-59 3481
-58 3364
-57 3249
-56 3136
-55 3025
-54 2916
-53 2809
-52 2704
-51 2601
-50 2500
-49 2401
-48 2304
-47 2209
-46 2116
-45 2025
-44 1936
-43 1849
-42 1764
-41 1681
-40 1600
-39 1521
-38 1444
-37 1369
-36 1296
-35 1225
-34 1156
-33 1089
-32 1024
-31 961
-30 900
-29 841
-28 784
-27 729
-26 676
-25 625
-24 576
-23 529
-22 484
-21 441
-20 400
-19 361
-18 324
-17 289
-16 256
-15 225
-14 196
-13 169
-12 144
-11 121
-10 100
-9 81
-8 64
-7 49
-6 36
-5 25
-4 16
-3 9
-2 4
-1 1
0 0
1 1
2 4
3 9
4 16
5 25
6 36
7 49
8 64
9 81
10 100
11 121
12 144
13 169
14 196
15 225
16 256
17 289
18 324
19 361
20 400
21 441
22 484
23 529
24 576
25 625
26 676
27 729
28 784
29 841
30 900
31 961
32 1024
33 1089
34 1156
35 1225
36 1296
37 1369
38 1444
39 1521
40 1600
41 1681
42 1764
43 1849
44 1936
45 2025
46 2116
47 2209
48 2304
49 2401
50 2500
51 2601
52 2704
53 2809
54 2916
55 3025
56 3136
57 3249
58 3364
59 3481
60 3600
61 3721
62 3844
63 3969
64 4096
65 4225
66 4356
67 4489
68 4624
69 4761
70 4900
71 5041
72 5184
73 5329
74 5476
75 5625
76 5776
77 5929
78 6084
79 6241
80 6400
81 6561
82 6724
83 6889
84 7056
85 7225
86 7396
87 7569
88 7744
89 7921
90 8100
91 8281
92 8464
93 8649
94 8836
95 9025
96 9216
97 9409
98 9604
99 9801
e

plot '-' with line
-100 -243295
-99 -238486
-98 -233725
-97 -229012
-96 -224347
-95 -219730
-94 -215161
-93 -210640
-92 -206167
-91 -201742
-90 -197365
-89 -193036
-88 -188755
-87 -184522
-86 -180337
-85 -176200
-84 -172111
-83 -168070
-82 -164077
-81 -160132
-80 -156235
-79 -152386
-78 -148585
-77 -144832
-76 -141127
-75 -137470
-74 -133861
-73 -130300
-72 -126787
-71 -123322
-70 -119905
-69 -116536
-68 -113215
-67 -109942
-66 -106717
-65 -103540
-64 -100411
-63 -97330
-62 -94297
-61 -91312
-60 -88375
-59 -85486
-58 -82645
-57 -79852
-56 -77107
-55 -74410
-54 -71761
-53 -69160
-52 -66607
-51 -64102
-50 -61645
-49 -59236
-48 -56875
-47 -54562
-46 -52297
-45 -50080
-44 -47911
-43 -45790
-42 -43717
-41 -41692
-40 -39715
-39 -37786
-38 -35905
-37 -34072
-36 -32287
-35 -30550
-34 -28861
-33 -27220
-32 -25627
-31 -24082
-30 -22585
-29 -21136
-28 -19735
-27 -18382
-26 -17077
-25 -15820
-24 -14611
-23 -13450
-22 -12337
-21 -11272
-20 -10255
-19 -9286
-18 -8365
-17 -7492
-16 -6667
-15 -5890
-14 -5161
-13 -4480
-12 -3847
-11 -3262
-10 -2725
-9 -2236
-8 -1795
-7 -1402
-6 -1057
-5 -760
-4 -511
-3 -310
-2 -157
-1 -52
0 5
1 14
2 -25
3 -112
4 -247
5 -430
6 -661
7 -940
8 -1267
9 -1642
10 -2065
11 -2536
12 -3055
13 -3622
14 -4237
15 -4900
16 -5611
17 -6370
18 -7177
19 -8032
20 -8935
21 -9886
22 -10885
23 -11932
24 -13027
25 -14170
26 -15361
27 -16600
28 -17887
29 -19222
30 -20605
31 -22036
32 -23515
33 -25042
34 -26617
35 -28240
36 -29911
37 -31630
38 -33397
39 -35212
40 -37075
41 -38986
42 -40945
43 -42952
44 -45007
45 -47110
46 -49261
47 -51460
48 -53707
49 -56002
50 -58345
51 -60736
52 -63175
53 -65662
54 -68197
55 -70780
56 -73411
57 -76090
58 -78817
59 -81592
60 -84415
61 -87286
62 -90205
63 -93172
64 -96187
65 -99250
66 -102361
67 -105520
68 -108727
69 -111982
70 -115285
71 -118636
72 -122035
73 -125482
74 -128977
75 -132520
76 -136111
77 -139750
78 -143437
79 -147172
80 -150955
81 -154786
82 -158665
83 -162592
84 -166567
85 -170590
86 -174661
87 -178780
88 -182947
89 -187162
90 -191425
91 -195736
92 -200095
93 -204502
94 -208957
95 -213460
96 -218011
97 -222610
98 -227257
99 -231952
e

plot '-' with line
-100 -243295
-99 -238486
-98 -233725
-97 -229012
-96 -224347
-95 -219730
-94 -215161
-93 -210640
-92 -206167
-91 -201742
-90 -197365
-89 -193036
-88 -188755
-87 -184522
-86 -180337
-85 -176200
-84 -172111
-83 -168070
-82 -164077
-81 -160132
-80 -156235
-79 -152386
-78 -148585
-77 -144832
-76 -141127
-75 -137470
-74 -133861
-73 -130300
-72 -126787
-71 -123322
-70 -119905
-69 -116536
-68 -113215
-67 -109942
-66 -106717
-65 -103540
-64 -100411
-63 -97330
-62 -94297
-61 -91312
-60 -88375
-59 -85486
-58 -82645
-57 -79852
-56 -77107
-55 -74410
-54 -71761
-53 -69160
-52 -66607
-51 -64102
-50 -61645
-49 -59236
-48 -56875
-47 -54562
-46 -52297
-45 -50080
-44 -47911
-43 -45790
-42 -43717
-41 -41692
-40 -39715
-39 -37786
-38 -35905
-37 -34072
-36 -32287
-35 -30550
-34 -28861
-33 -27220
-32 -25627
-31 -24082
-30 -22585
-29 -21136
-28 -19735
-27 -18382
-26 -17077
-25 -15820
-24 -14611
-23 -13450
-22 -12337
-21 -11272
-20 -10255
-19 -9286
-18 -8365
-17 -7492
-16 -6667
-15 -5890
-14 -5161
-13 -4480
-12 -3847
-11 -3262
-10 -2725
-9 -2236
-8 -1795
-7 -1402
-6 -1057
-5 -760
-4 -511
-3 -310
-2 -157
-1 -52
0 5
1 14
2 -25
3 -112
4 -247
5 -430
6 -661
7 -940
8 -1267
9 -1642
10 -2065
11 -2536
12 -3055
13 -3622
14 -4237
15 -4900
16 -5611
17 -6370
18 -7177
19 -8032
20 -8935
21 -9886
22 -10885
23 -11932
24 -13027
25 -14170
26 -15361
27 -16600
28 -17887
29 -19222
30 -20605
31 -22036
32 -23515
33 -25042
34 -26617
35 -28240
36 -29911
37 -31630
38 -33397
39 -35212
40 -37075
41 -38986
42 -40945
43 -42952
44 -45007
45 -47110
46 -49261
47 -51460
48 -53707
49 -56002
50 -58345
51 -60736
52 -63175
53 -65662
54 -68197
55 -70780
56 -73411
57 -76090
58 -78817
59 -81592
60 -84415
61 -87286
62 -90205
63 -93172
64 -96187
65 -99250
66 -102361
67 -105520
68 -108727
69 -111982
70 -115285
71 -118636
72 -122035
73 -125482
74 -128977
75 -132520
76 -136111
77 -139750
78 -143437
79 -147172
80 -150955
81 -154786
82 -158665
83 -162592
84 -166567
85 -170590
86 -174661
87 -178780
88 -182947
89 -187162
90 -191425
91 -195736
92 -200095
93 -204502
94 -208957
95 -213460
96 -218011
97 -222610
98 -227257
99 -231952
e

unset multiplot
