null function (not derivable)
Function
1
1
1
1
null function

1
1
[1](0)
[1](0)
[1](0)
[1](0)
