Identity function
  offset = [4](12,46,2,-9)
  
Evaluate: 
[4](12,46,2,-9)
Gradient: 
[4](1,0,0,0)
Jacobian: 
[4,4]((1,0,0,0), (0,1,0,0), (0,0,1,0), (0,0,0,1))
