Test 1
  Dummy 1
  Dummy 2
    Foo
    Bar
  Dummy 3
Test 2
  Dummy 4
Test 3
