(0, 5)
(-1.#INF, 1.#INF)
(42, 1.#INF)
(-1.#INF, 42)
(0 5 1)
(-1.#INF 1.#INF 0.1)
(1 4 0.1)
0
1
2
3
4
5
