Twice derivable function
Number of constraints: 2
Twice derivable function
Twice derivable function
A solution has been found: 
[4](1,4.743,3.82115,1.37941)
f(*x) = 14.5723
