null function (linear function)
Linear function
[1](0)
[1](0)
[1](0)
[1](0)
