10-time differentiable function.
Evaluate:
[4](0,0,0,0)
Gradient:
[1](0)
Jacobian:
[4](0,0,0,0)

