Dummy (numeric quadratic function):
  A = [5,5]((1,0,0,0,0), (0,1,0,0,0), (0,0,1,0,0), (0,0,0,1,0), (0,0,0,0,1))
  B = [5](0,0,0,0,0)
  c = [1](0)
x = [5](0,0,0,0,0)
f(x) = [1](0)
J(x) = [5](0,0,0,0,0)
G(x) = [5](0,0,0,0,0)
H(x) = [5,5]((1,0,0,0,0), (0,1,0,0,0), (0,0,1,0,0), (0,0,0,1,0), (0,0,0,0,1))
