Numeric linear function
  A = [5](1.2,3.4,5.6,7.8,0)
  B = 1
f(x) = 44.6
G(x) = [5](1.2,3.4,5.6,7.8,0)
H(x) = [5,5]((0,0,0,0,0),(0,0,0,0,0),(0,0,0,0,0),(0,0,0,0,0),(0,0,0,0,0))
