x: [5](0,0,0,0,0)
fct: Bind(identity):
  Bound values: [0]{}
fct(x): [5](0,0,0,0,0)
gradient(x): [5](1,0,0,0,0)
jacobian(x): [5,5]((1,0,0,0,0), (0,1,0,0,0), (0,0,1,0,0), (0,0,0,1,0), (0,0,0,0,1))
x: [4](0,0,0,0)
fct: Bind(identity):
  Bound values: [1]{0: 42}
fct(x): [5](42,0,0,0,0)
gradient(x): [4](0,0,0,0)
jacobian(x): [5,4]((0,0,0,0), (1,0,0,0), (0,1,0,0), (0,0,1,0), (0,0,0,1))
x: [3](1,1,1)
fct: Bind(f(x) = Σx_i²):
  Bound values: [2]{1: 12, 3: -2}
fct(x): [1](151)
gradient(x): [3](2,2,2)
jacobian(x): [3](2,2,2)
