2 * (identity):
  Sub-function: Identity function
    offset = [5](1,2,0,4,5)
[5](2,4,0,8,10)
[5](2,0,0,0,0)
[5](0,2,0,0,0)
[5](0,0,2,0,0)
[5](0,0,0,2,0)
[5](0,0,0,0,2)
[5,5]((2,0,0,0,0), (0,2,0,0,0), (0,0,2,0,0), (0,0,0,2,0), (0,0,0,0,2))
