Problem:
  a * d * (a + b + c) + d (not differentiable)
  Arguments bounds: (-inf, inf), (-inf, inf), (-inf, inf), (-inf, inf)
  Arguments scales: 1, 1, 1, 1
  Number of constraints: 1
  Constraint 0
      a * d * (a + b + c) + d (not differentiable)
      Bounds: (-1, 1)
      Scales: 1
      Initial value: [1](0)
  Starting point: [4](0,0,0,0)
  Starting value: [1](0)
  Infinity value (for all functions): inf
---
Solver:
  Plugin: dummy-laststate
  Problem:
    a * d * (a + b + c) + d (not differentiable)
    Arguments bounds: (-inf, inf), (-inf, inf), (-inf, inf), (-inf, inf)
    Arguments scales: 1, 1, 1, 1
    Number of constraints: 1
    Constraint 0
        a * d * (a + b + c) + d (not differentiable)
        Bounds: (-1, 1)
        Scales: 1
        Initial value: [1](0)
    Starting point: [4](0,0,0,0)
    Starting value: [1](0)
    Infinity value (for all functions): inf
  Result:
    Solver error: The dummy solver always fail.
  Parameters:
    dummy-parameter (dummy parameter): 42
    dummy-parameter2 (yet another dummy parameter): 3
    dummy-parameter3 (just a dummy key): ...and a dummy value!
---
Problem:
  a + b + c + d (differentiable function)
  Arguments bounds: (-inf, inf), (-inf, inf), (-inf, inf), (-inf, inf)
  Arguments scales: 1, 1, 1, 1
  Number of constraints: 1
  Constraint 0
      a + b + c + d (differentiable function)
      Bounds: (-1, 1)
      Scales: 1
      Initial value: [1](0)
  Starting point: [4](0,0,0,0)
  Starting value: [1](0)
  Infinity value (for all functions): inf
---
Solver:
  Plugin: dummy-d-sparse-laststate
  Problem:
    a + b + c + d (differentiable function)
    Arguments bounds: (-inf, inf), (-inf, inf), (-inf, inf), (-inf, inf)
    Arguments scales: 1, 1, 1, 1
    Number of constraints: 1
    Constraint 0
        a + b + c + d (differentiable function)
        Bounds: (-1, 1)
        Scales: 1
        Initial value: [1](0)
    Starting point: [4](0,0,0,0)
    Starting value: [1](0)
    Infinity value (for all functions): inf
  Result:
    Solver error: The dummy solver always fail.
  Parameters:
    dummy-parameter (dummy parameter): 42
    dummy-parameter2 (yet another dummy parameter): 3
    dummy-parameter3 (just a dummy key): ...and a dummy value!
