Solver:
  Problem:
    x * x (differentiable function)
    Argument's bounds: (1, 5)
    Argument's scales: 1
    
    Starting point: [1](4)
    Starting value: [1](16)
    Infinity value (for all functions): inf
  Parameters:
    max-iterations (number of iterations): 30
    nag.e1 (relative accuracy (0 means default)): 0
    nag.e2 (absolute accuracy (0 means default)): 0
    
A solution has been found: 
[1](1)
