null function (quadratic function)
Quadratic function
[1](0)
[1](0)
[1](0)
[1](0)
