[4](0,0,0,0)
x₀ * x₃ * (x₀ + x₁ + x₂) + x₃, x₀² (differentiable function)
[2](0,0)
[2,4]((0,0,1,0), (0,0,0,0))
