solve ()
Result: 
  Size (input, output): 1, 1
  X: [1](0)
  Value: [1](0)
  Constraints values: [0]()
  Lambda: [0]()
  Warnings: Dummy warning message.
