Function
Result bound: (-inf, inf)
Arguments bounds (-inf, inf), (-inf, inf), (-inf, inf), (-inf, inf)
Result scale: 1
Arguments scale: 1, 1, 1, 1
No constraints
No starting point.
---
Function
Result bound: (-inf, inf)
Arguments bounds (-inf, inf), (-inf, inf), (-inf, inf), (-inf, inf)
Result scale: 1
Arguments scale: 1, 1, 1, 1
No constraints
No starting point.
