Solver:
  Problem:
    a + b + c + d (not differentiable)
    Objective scaling: 1
    Arguments bounds: (-inf, inf), (-inf, inf), (-inf, inf), (-inf, inf)
    Arguments scaling: 1, 1, 1, 1
    No constraints.
    No starting point.
    Infinity value (for all functions): inf

solver_t.solve ()
Solver state:
  x: [4](0,0,0,0)
  Cost: 0
  Parameters:
    data.bool (dummy bool): true
    data.double (dummy double): 42
    data.int (dummy integer): 10
    data.string (dummy string): "dummy data"
    data.vector (dummy vector): [4](0,0,0,0)
solver_t.setIterationCallback ()
solver_t.solve ()
callback_t.callback ()
Solver state:
  x: [4](5,5,5,5)
  Cost: 42
  Parameters:
    data.bool (dummy bool): true
    data.double (dummy double): 42
    data.int (dummy integer): 10
    data.string (dummy string): "dummy data"
    data.vector (dummy vector): [4](0,0,0,0)
solver_t.solve ()
callback_t.callback ()
Solver state:
  x: [4](2,2,2,2)
  Cost: 42
  Parameters:
    data.bool (dummy bool): true
    data.double (dummy double): 42
    data.int (dummy integer): 10
    data.string (dummy string): "dummy data"
    data.vector (dummy vector): [4](0,0,0,0)
solver_t.setIterationCallback ()
solver_t.solve ()

********************************************************************************

Solver:
  Problem:
    a + b + c + d + e, a * b * c * d * e (not differentiable)
    Objective scaling: 1, 1
    Arguments bounds: (-inf, inf), (-inf, inf), (-inf, inf), (-inf, inf), (-inf, inf)
    Arguments scaling: 1, 1, 1, 1, 1
    No constraints.
    No starting point.
    Infinity value (for all functions): inf

solver_t.solve ()
Solver state:
  x: [5](0,0,0,0,0)
  Cost: 0
  Parameters:
    data.bool (dummy bool): true
    data.double (dummy double): 42
    data.int (dummy integer): 10
    data.string (dummy string): "dummy data"
    data.vector (dummy vector): [5](0,0,0,0,0)
solver_t.setIterationCallback ()
solver_t.solve ()
callback_t.callback ()
Solver state:
  x: [5](5,5,5,5,5)
  Cost: 42
  Parameters:
    data.bool (dummy bool): true
    data.double (dummy double): 42
    data.int (dummy integer): 10
    data.string (dummy string): "dummy data"
    data.vector (dummy vector): [5](0,0,0,0,0)
solver_t.solve ()
callback_t.callback ()
Solver state:
  x: [5](2,2,2,2,2)
  Cost: 42
  Parameters:
    data.bool (dummy bool): true
    data.double (dummy double): 42
    data.int (dummy integer): 10
    data.string (dummy string): "dummy data"
    data.vector (dummy vector): [5](0,0,0,0,0)
solver_t.setIterationCallback ()
solver_t.solve ()

