solve ()
Solver:
  Problem:
    a + b + c + d (not differentiable)
    Arguments bounds: (-1.#INF, 1.#INF), (-1.#INF, 1.#INF), (-1.#INF, 1.#INF), (-1.#INF, 1.#INF)
    Arguments scaling: 1, 1, 1, 1
    No constraints.
    No starting point.
    Infinity value (for all functions): 1.#INF
  Result:
    Solver error:
      The dummy solver always fail.
      It also prints a dummy multiline error message.

