f_n (x) = n * x (split, function Id = 0) (differentiable function):

[1](0)
[1](0)
[1](0)
[1](0)
[1](0)
[1](0)
[1](0)
[1](0)
[1](0)
[1](0)
[1](0)
[1](0)
[1](0)
[1](0)
[1](0)
[1](0)
[1](0)
[1](0)
[1](0)
[1](0)
[1](0)
[1](0)
[1](0)
[1](0)
[1](0)
[1](0)
[1](0)
[1](0)
[1](0)
[1](0)
[1](0)
[1](0)
[1](0)
[1](0)
[1](0)
[1](0)
[1](0)
[1](0)
[1](0)
[1](0)
[1](0)
[1](0)
[1](0)
[1](0)
[1](0)
[1](0)
[1](0)
[1](0)
[1](0)
[1](0)
[1](0)
[1](0)
[1](0)
[1](0)
[1](0)
[1](0)
[1](0)
[1](0)
[1](0)
[1](0)
[1](0)
[1](0)
[1](0)
[1](0)
[1](0)
[1](0)
[1](0)
[1](0)
[1](0)
[1](0)
[1](0)
[1](0)
[1](0)
[1](0)
[1](0)
[1](0)
[1](0)
[1](0)
[1](0)
[1](0)
f_n (x) = n * x (split, function Id = 1) (differentiable function):

[1](0)
[1](0)
[1](1)
[1](1)
[1](0.5)
[1](0.5)
[1](1)
[1](1)
[1](1)
[1](1)
[1](1)
[1](1)
[1](1.5)
[1](1.5)
[1](1)
[1](1)
[1](2)
[1](2)
[1](1)
[1](1)
[1](2.5)
[1](2.5)
[1](1)
[1](1)
[1](3)
[1](3)
[1](1)
[1](1)
[1](3.5)
[1](3.5)
[1](1)
[1](1)
[1](4)
[1](4)
[1](1)
[1](1)
[1](4.5)
[1](4.5)
[1](1)
[1](1)
[1](5)
[1](5)
[1](1)
[1](1)
[1](5.5)
[1](5.5)
[1](1)
[1](1)
[1](6)
[1](6)
[1](1)
[1](1)
[1](6.5)
[1](6.5)
[1](1)
[1](1)
[1](7)
[1](7)
[1](1)
[1](1)
[1](7.5)
[1](7.5)
[1](1)
[1](1)
[1](8)
[1](8)
[1](1)
[1](1)
[1](8.5)
[1](8.5)
[1](1)
[1](1)
[1](9)
[1](9)
[1](1)
[1](1)
[1](9.5)
[1](9.5)
[1](1)
[1](1)
f_n (x) = n * x (split, function Id = 2) (differentiable function):

[1](0)
[1](0)
[1](2)
[1](2)
[1](1)
[1](1)
[1](2)
[1](2)
[1](2)
[1](2)
[1](2)
[1](2)
[1](3)
[1](3)
[1](2)
[1](2)
[1](4)
[1](4)
[1](2)
[1](2)
[1](5)
[1](5)
[1](2)
[1](2)
[1](6)
[1](6)
[1](2)
[1](2)
[1](7)
[1](7)
[1](2)
[1](2)
[1](8)
[1](8)
[1](2)
[1](2)
[1](9)
[1](9)
[1](2)
[1](2)
[1](10)
[1](10)
[1](2)
[1](2)
[1](11)
[1](11)
[1](2)
[1](2)
[1](12)
[1](12)
[1](2)
[1](2)
[1](13)
[1](13)
[1](2)
[1](2)
[1](14)
[1](14)
[1](2)
[1](2)
[1](15)
[1](15)
[1](2)
[1](2)
[1](16)
[1](16)
[1](2)
[1](2)
[1](17)
[1](17)
[1](2)
[1](2)
[1](18)
[1](18)
[1](2)
[1](2)
[1](19)
[1](19)
[1](2)
[1](2)
f_n (x) = n * x (split, function Id = 3) (differentiable function):

[1](0)
[1](0)
[1](3)
[1](3)
[1](1.5)
[1](1.5)
[1](3)
[1](3)
[1](3)
[1](3)
[1](3)
[1](3)
[1](4.5)
[1](4.5)
[1](3)
[1](3)
[1](6)
[1](6)
[1](3)
[1](3)
[1](7.5)
[1](7.5)
[1](3)
[1](3)
[1](9)
[1](9)
[1](3)
[1](3)
[1](10.5)
[1](10.5)
[1](3)
[1](3)
[1](12)
[1](12)
[1](3)
[1](3)
[1](13.5)
[1](13.5)
[1](3)
[1](3)
[1](15)
[1](15)
[1](3)
[1](3)
[1](16.5)
[1](16.5)
[1](3)
[1](3)
[1](18)
[1](18)
[1](3)
[1](3)
[1](19.5)
[1](19.5)
[1](3)
[1](3)
[1](21)
[1](21)
[1](3)
[1](3)
[1](22.5)
[1](22.5)
[1](3)
[1](3)
[1](24)
[1](24)
[1](3)
[1](3)
[1](25.5)
[1](25.5)
[1](3)
[1](3)
[1](27)
[1](27)
[1](3)
[1](3)
[1](28.5)
[1](28.5)
[1](3)
[1](3)
f_n (x) = n * x (split, function Id = 4) (differentiable function):

[1](0)
[1](0)
[1](4)
[1](4)
[1](2)
[1](2)
[1](4)
[1](4)
[1](4)
[1](4)
[1](4)
[1](4)
[1](6)
[1](6)
[1](4)
[1](4)
[1](8)
[1](8)
[1](4)
[1](4)
[1](10)
[1](10)
[1](4)
[1](4)
[1](12)
[1](12)
[1](4)
[1](4)
[1](14)
[1](14)
[1](4)
[1](4)
[1](16)
[1](16)
[1](4)
[1](4)
[1](18)
[1](18)
[1](4)
[1](4)
[1](20)
[1](20)
[1](4)
[1](4)
[1](22)
[1](22)
[1](4)
[1](4)
[1](24)
[1](24)
[1](4)
[1](4)
[1](26)
[1](26)
[1](4)
[1](4)
[1](28)
[1](28)
[1](4)
[1](4)
[1](30)
[1](30)
[1](4)
[1](4)
[1](32)
[1](32)
[1](4)
[1](4)
[1](34)
[1](34)
[1](4)
[1](4)
[1](36)
[1](36)
[1](4)
[1](4)
[1](38)
[1](38)
[1](4)
[1](4)
f_n (x) = n * x (split, function Id = 5) (differentiable function):

[1](0)
[1](0)
[1](5)
[1](5)
[1](2.5)
[1](2.5)
[1](5)
[1](5)
[1](5)
[1](5)
[1](5)
[1](5)
[1](7.5)
[1](7.5)
[1](5)
[1](5)
[1](10)
[1](10)
[1](5)
[1](5)
[1](12.5)
[1](12.5)
[1](5)
[1](5)
[1](15)
[1](15)
[1](5)
[1](5)
[1](17.5)
[1](17.5)
[1](5)
[1](5)
[1](20)
[1](20)
[1](5)
[1](5)
[1](22.5)
[1](22.5)
[1](5)
[1](5)
[1](25)
[1](25)
[1](5)
[1](5)
[1](27.5)
[1](27.5)
[1](5)
[1](5)
[1](30)
[1](30)
[1](5)
[1](5)
[1](32.5)
[1](32.5)
[1](5)
[1](5)
[1](35)
[1](35)
[1](5)
[1](5)
[1](37.5)
[1](37.5)
[1](5)
[1](5)
[1](40)
[1](40)
[1](5)
[1](5)
[1](42.5)
[1](42.5)
[1](5)
[1](5)
[1](45)
[1](45)
[1](5)
[1](5)
[1](47.5)
[1](47.5)
[1](5)
[1](5)
f_n (x) = n * x (split, function Id = 6) (differentiable function):

[1](0)
[1](0)
[1](6)
[1](6)
[1](3)
[1](3)
[1](6)
[1](6)
[1](6)
[1](6)
[1](6)
[1](6)
[1](9)
[1](9)
[1](6)
[1](6)
[1](12)
[1](12)
[1](6)
[1](6)
[1](15)
[1](15)
[1](6)
[1](6)
[1](18)
[1](18)
[1](6)
[1](6)
[1](21)
[1](21)
[1](6)
[1](6)
[1](24)
[1](24)
[1](6)
[1](6)
[1](27)
[1](27)
[1](6)
[1](6)
[1](30)
[1](30)
[1](6)
[1](6)
[1](33)
[1](33)
[1](6)
[1](6)
[1](36)
[1](36)
[1](6)
[1](6)
[1](39)
[1](39)
[1](6)
[1](6)
[1](42)
[1](42)
[1](6)
[1](6)
[1](45)
[1](45)
[1](6)
[1](6)
[1](48)
[1](48)
[1](6)
[1](6)
[1](51)
[1](51)
[1](6)
[1](6)
[1](54)
[1](54)
[1](6)
[1](6)
[1](57)
[1](57)
[1](6)
[1](6)
f_n (x) = n * x (split, function Id = 7) (differentiable function):

[1](0)
[1](0)
[1](7)
[1](7)
[1](3.5)
[1](3.5)
[1](7)
[1](7)
[1](7)
[1](7)
[1](7)
[1](7)
[1](10.5)
[1](10.5)
[1](7)
[1](7)
[1](14)
[1](14)
[1](7)
[1](7)
[1](17.5)
[1](17.5)
[1](7)
[1](7)
[1](21)
[1](21)
[1](7)
[1](7)
[1](24.5)
[1](24.5)
[1](7)
[1](7)
[1](28)
[1](28)
[1](7)
[1](7)
[1](31.5)
[1](31.5)
[1](7)
[1](7)
[1](35)
[1](35)
[1](7)
[1](7)
[1](38.5)
[1](38.5)
[1](7)
[1](7)
[1](42)
[1](42)
[1](7)
[1](7)
[1](45.5)
[1](45.5)
[1](7)
[1](7)
[1](49)
[1](49)
[1](7)
[1](7)
[1](52.5)
[1](52.5)
[1](7)
[1](7)
[1](56)
[1](56)
[1](7)
[1](7)
[1](59.5)
[1](59.5)
[1](7)
[1](7)
[1](63)
[1](63)
[1](7)
[1](7)
[1](66.5)
[1](66.5)
[1](7)
[1](7)
f_n (x) = n * x (split, function Id = 8) (differentiable function):

[1](0)
[1](0)
[1](8)
[1](8)
[1](4)
[1](4)
[1](8)
[1](8)
[1](8)
[1](8)
[1](8)
[1](8)
[1](12)
[1](12)
[1](8)
[1](8)
[1](16)
[1](16)
[1](8)
[1](8)
[1](20)
[1](20)
[1](8)
[1](8)
[1](24)
[1](24)
[1](8)
[1](8)
[1](28)
[1](28)
[1](8)
[1](8)
[1](32)
[1](32)
[1](8)
[1](8)
[1](36)
[1](36)
[1](8)
[1](8)
[1](40)
[1](40)
[1](8)
[1](8)
[1](44)
[1](44)
[1](8)
[1](8)
[1](48)
[1](48)
[1](8)
[1](8)
[1](52)
[1](52)
[1](8)
[1](8)
[1](56)
[1](56)
[1](8)
[1](8)
[1](60)
[1](60)
[1](8)
[1](8)
[1](64)
[1](64)
[1](8)
[1](8)
[1](68)
[1](68)
[1](8)
[1](8)
[1](72)
[1](72)
[1](8)
[1](8)
[1](76)
[1](76)
[1](8)
[1](8)
f_n (x) = n * x (split, function Id = 9) (differentiable function):

[1](0)
[1](0)
[1](9)
[1](9)
[1](4.5)
[1](4.5)
[1](9)
[1](9)
[1](9)
[1](9)
[1](9)
[1](9)
[1](13.5)
[1](13.5)
[1](9)
[1](9)
[1](18)
[1](18)
[1](9)
[1](9)
[1](22.5)
[1](22.5)
[1](9)
[1](9)
[1](27)
[1](27)
[1](9)
[1](9)
[1](31.5)
[1](31.5)
[1](9)
[1](9)
[1](36)
[1](36)
[1](9)
[1](9)
[1](40.5)
[1](40.5)
[1](9)
[1](9)
[1](45)
[1](45)
[1](9)
[1](9)
[1](49.5)
[1](49.5)
[1](9)
[1](9)
[1](54)
[1](54)
[1](9)
[1](9)
[1](58.5)
[1](58.5)
[1](9)
[1](9)
[1](63)
[1](63)
[1](9)
[1](9)
[1](67.5)
[1](67.5)
[1](9)
[1](9)
[1](72)
[1](72)
[1](9)
[1](9)
[1](76.5)
[1](76.5)
[1](9)
[1](9)
[1](81)
[1](81)
[1](9)
[1](9)
[1](85.5)
[1](85.5)
[1](9)
[1](9)
