null (differentiable function)
[4](204,40,60,80)
[4](204,40,60,80)
4
1
