empty vector
1
(42, foo)
{}
{bar: 1337, foo: 42}
int
class roboptim::GenericFunction<struct roboptim::EigenMatrixDense>
[5,5]((0,0,0,0,0), (0,1,2,3,4), (0,2,4,6,8), (0,3,6,9,12), (0,4,8,12,16))
[5,5]((0,0,0,0,0), (0,1,2,3,4), (0,2,4,6,8), (0,3,6,9,12), (0,4,8,12,16))
[4](1,2,3,4)
[4](1,2,3,4)
[5,5]((0,3,0,0,0), (0,0,0,0,0), (0,12,0,42,0), (0,0,0,1,0), (0,0,0,0,0))
[5,5]((0,3,0,0,0), (0,0,0,0,0), (0,4,0,5,0), (0,0,0,6,0), (0,0,0,0,0))
[3,3]((12,0,42), (0,0,1), (0,0,0))
[5,5]((0,3,0,0,0), (0,0,0,0,0), (0,12,0,42,0), (0,0,0,1,0), (0,0,0,0,0))
[5,5]((0,6,0,0,0), (0,0,0,0,0), (0,24,0,84,0), (0,0,0,2,0), (0,0,0,0,0))
[5,5]((0,12,0,0,0), (0,0,0,0,0), (0,48,0,168,0), (0,0,0,4,0), (0,0,0,0,0))
[10](1,0.1,0.01,0.001,0.0001,1e-005,1e-006,1e-007,1e-008,1e-009)
[10](1,0.1,0.01,0.001,0.0001,1e-005,1e-006,1e-007,1e-008,0)
[4,4]((1,0.1,0.01,0.001), (0.0001,1e-005,1e-006,1e-007), (1e-008,1e-009,1e-010,1e-011), (1e-012,1e-013,1e-014,1e-015))
[4,4]((1,0.1,0.01,0.001), (0.0001,1e-005,1e-006,1e-007), (1e-008,0,0,0), (0,0,0,0))
"aaa" split with 'a': , , 
"ababa" split with 'b': a, a, a
"this is a test" split with ' ': this, is, a, test
"" split with '\n': empty vector
"an awesome
multiline test
with 3 lines!" split with '\n': an awesome, multiline test, with 3 lines!
Not expecting a FPE... done!
