foo = 42
# Hello, world!
# This is a three-line comment!
# Amazing!
fig = plt.figure()
plt.show()


#!/usr/bin/env python
# Generated by roboptim-core
import matplotlib
import matplotlib.pyplot as plt
import numpy as np

fig = plt.figure()
ax = plt.subplot(111)


box = ax.get_position()
ax.set_position([box.x0, box.y0, box.width * 0.8, box.height])
ax.legend(loc='center left', bbox_to_anchor=(1, 0.5))
fig.tight_layout()
plt.show()
