#!/usr/bin/gnuplot
# Generated by RobOptim core library 0.1
set term x11 enhanced persist
#Hello, world!
cd '/tmp'
reset
